Archive member included to satisfy reference by file (symbol)

c:/program files (x86)/atmel/studio/7.0/toolchain/avr8/avr8-gnu-toolchain/bin/../lib/gcc/avr/5.4.0/avr5\libgcc.a(_exit.o)
                              C:/Program Files (x86)/Atmel/Studio/7.0/Packs/atmel/ATmega_DFP/1.7.374/gcc/dev/atmega32a/avr5/crtatmega32a.o (exit)
c:/program files (x86)/atmel/studio/7.0/toolchain/avr8/avr8-gnu-toolchain/bin/../lib/gcc/avr/5.4.0/avr5\libgcc.a(_tablejump2.o)
                              MCAL/TIMER0/TIM0.o (__tablejump2__)
c:/program files (x86)/atmel/studio/7.0/toolchain/avr8/avr8-gnu-toolchain/bin/../lib/gcc/avr/5.4.0/avr5\libgcc.a(_clear_bss.o)
                              App/app.o (__do_clear_bss)

Allocating common symbols
Common symbol       size              file

TIM0_pfCmpFun       0x2               MCAL/TIMER0/TIM0.o
ptr                 0x2               App/app.o
EXT1CallBack        0x2               MCAL/interrupt/EXIT.o
EXT0CallBack        0x2               MCAL/interrupt/EXIT.o
TIM0_pfOvfFun       0x2               MCAL/TIMER0/TIM0.o
u8WfModeValueGlobalCpy
                    0x1               MCAL/TIMER0/TIM0.o
EXT2CallBack        0x2               MCAL/interrupt/EXIT.o
my_status           0x1               App/app.o

Discarded input sections

 .data          0x00000000        0x0 C:/Program Files (x86)/Atmel/Studio/7.0/Packs/atmel/ATmega_DFP/1.7.374/gcc/dev/atmega32a/avr5/crtatmega32a.o
 .bss           0x00000000        0x0 C:/Program Files (x86)/Atmel/Studio/7.0/Packs/atmel/ATmega_DFP/1.7.374/gcc/dev/atmega32a/avr5/crtatmega32a.o
 .text          0x00000000        0x0 App/app.o
 .data          0x00000000        0x0 App/app.o
 .bss           0x00000000        0x0 App/app.o
 .text.interruptCallBack
                0x00000000        0x8 App/app.o
 .text.select_leds_on_off_off
                0x00000000       0x1e App/app.o
 .text.select_leds_on_tog_off
                0x00000000       0x3e App/app.o
 .text.main_timerCallBack
                0x00000000       0xc0 App/app.o
 .text.interrupt_timerCallBack
                0x00000000      0x14a App/app.o
 .text.APP_void_int
                0x00000000       0x30 App/app.o
 .text.APP_void_start
                0x00000000       0x1c App/app.o
 .bss.count.1689
                0x00000000        0x2 App/app.o
 .bss.count.1703
                0x00000000        0x1 App/app.o
 .bss.count.1685
                0x00000000        0x2 App/app.o
 .bss.interruptFlag
                0x00000000        0x1 App/app.o
 .debug_info    0x00000000      0x635 App/app.o
 .debug_abbrev  0x00000000      0x109 App/app.o
 .debug_loc     0x00000000      0x150 App/app.o
 .debug_aranges
                0x00000000       0x50 App/app.o
 .debug_ranges  0x00000000       0x40 App/app.o
 .debug_line    0x00000000      0x380 App/app.o
 .debug_str     0x00000000      0x2e9 App/app.o
 .comment       0x00000000       0x31 App/app.o
 .debug_frame   0x00000000       0x9c App/app.o
 COMMON         0x00000000        0x3 App/app.o
 .text          0x00000000        0x0 ECUAL/BUTTON Driver/button.o
 .data          0x00000000        0x0 ECUAL/BUTTON Driver/button.o
 .bss           0x00000000        0x0 ECUAL/BUTTON Driver/button.o
 .text.BUTTON_read
                0x00000000       0x10 ECUAL/BUTTON Driver/button.o
 .debug_info    0x00000000      0x141 ECUAL/BUTTON Driver/button.o
 .debug_abbrev  0x00000000       0xc3 ECUAL/BUTTON Driver/button.o
 .debug_loc     0x00000000       0x47 ECUAL/BUTTON Driver/button.o
 .debug_aranges
                0x00000000       0x20 ECUAL/BUTTON Driver/button.o
 .debug_ranges  0x00000000       0x10 ECUAL/BUTTON Driver/button.o
 .debug_line    0x00000000       0xe9 ECUAL/BUTTON Driver/button.o
 .debug_str     0x00000000      0x2a9 ECUAL/BUTTON Driver/button.o
 .comment       0x00000000       0x31 ECUAL/BUTTON Driver/button.o
 .debug_frame   0x00000000       0x24 ECUAL/BUTTON Driver/button.o
 .text          0x00000000        0x0 ECUAL/LED/led.o
 .data          0x00000000        0x0 ECUAL/LED/led.o
 .bss           0x00000000        0x0 ECUAL/LED/led.o
 .text          0x00000000        0x0 main.o
 .data          0x00000000        0x0 main.o
 .bss           0x00000000        0x0 main.o
 .debug_line    0x00000000        0x0 main.o
 .debug_str     0x00000000      0x125 main.o
 .comment       0x00000000       0x31 main.o
 .text          0x00000000        0x0 MCAL/DIO/DIO.o
 .data          0x00000000        0x0 MCAL/DIO/DIO.o
 .bss           0x00000000        0x0 MCAL/DIO/DIO.o
 .text.DIO_enuReadPin
                0x00000000       0xa2 MCAL/DIO/DIO.o
 .text.DIO_enuActivatePullUp
                0x00000000        0x6 MCAL/DIO/DIO.o
 .text          0x00000000        0x0 MCAL/GIE/GIE.o
 .data          0x00000000        0x0 MCAL/GIE/GIE.o
 .bss           0x00000000        0x0 MCAL/GIE/GIE.o
 .text.GIE_voidEnable
                0x00000000        0x8 MCAL/GIE/GIE.o
 .text.GIE_voidDisable
                0x00000000        0x8 MCAL/GIE/GIE.o
 .debug_info    0x00000000       0xa0 MCAL/GIE/GIE.o
 .debug_abbrev  0x00000000       0x46 MCAL/GIE/GIE.o
 .debug_aranges
                0x00000000       0x28 MCAL/GIE/GIE.o
 .debug_ranges  0x00000000       0x18 MCAL/GIE/GIE.o
 .debug_line    0x00000000       0x84 MCAL/GIE/GIE.o
 .debug_str     0x00000000      0x1d6 MCAL/GIE/GIE.o
 .comment       0x00000000       0x31 MCAL/GIE/GIE.o
 .debug_frame   0x00000000       0x34 MCAL/GIE/GIE.o
 .text          0x00000000        0x0 MCAL/interrupt/EXIT.o
 .data          0x00000000        0x0 MCAL/interrupt/EXIT.o
 .bss           0x00000000        0x0 MCAL/interrupt/EXIT.o
 .text.EXT_VoidInit
                0x00000000       0x26 MCAL/interrupt/EXIT.o
 .text.EXITenable
                0x00000000      0x110 MCAL/interrupt/EXIT.o
 .text.EXITdisable
                0x00000000       0x2e MCAL/interrupt/EXIT.o
 .text.EXIT0SetCallBack
                0x00000000       0x14 MCAL/interrupt/EXIT.o
 .text.EXIT1SetCallBack
                0x00000000       0x14 MCAL/interrupt/EXIT.o
 .text.EXIT2SetCallBack
                0x00000000       0x14 MCAL/interrupt/EXIT.o
 .text          0x00000000        0x0 MCAL/TIMER0/TIM0.o
 .data          0x00000000        0x0 MCAL/TIMER0/TIM0.o
 .bss           0x00000000        0x0 MCAL/TIMER0/TIM0.o
 .text.TIM0_voidTIMER_mode
                0x00000000        0xe MCAL/TIMER0/TIM0.o
 .text.TIM0_voidInit
                0x00000000       0x12 MCAL/TIMER0/TIM0.o
 .text.TIM0_voidWF_Of_OC0
                0x00000000       0x94 MCAL/TIMER0/TIM0.o
 .progmem.gcc_sw_table.TIM0_voidWF_Of_OC0
                0x00000000       0x10 MCAL/TIMER0/TIM0.o
 .text.TIM0_Stop
                0x00000000       0x14 MCAL/TIMER0/TIM0.o
 .text.TIM0_voidStartTimeValue
                0x00000000        0x4 MCAL/TIMER0/TIM0.o
 .text.TIM0_voidCompareValue_non_PWM
                0x00000000        0x4 MCAL/TIMER0/TIM0.o
 .text.TIM0_u8GetTimeValue
                0x00000000        0x4 MCAL/TIMER0/TIM0.o
 .text.TIM0_voidPWM_Generator
                0x00000000        0x2 MCAL/TIMER0/TIM0.o
 .text.TIM0_voidDoing_CTC_Output_Now
                0x00000000        0x8 MCAL/TIMER0/TIM0.o
 .text.TIM0_enuOvfIntControl
                0x00000000       0x20 MCAL/TIMER0/TIM0.o
 .text.TIM0_enuCmpIntControl
                0x00000000       0x20 MCAL/TIMER0/TIM0.o
 .text.TIM0_enuSetCallbackOvf
                0x00000000        0xa MCAL/TIMER0/TIM0.o
 .text.TIM0_enuSetCallbackCmp
                0x00000000        0xa MCAL/TIMER0/TIM0.o
 .text.TIM0_voidChange_timer_mode_now
                0x00000000       0x54 MCAL/TIMER0/TIM0.o
 .text          0x00000000        0x0 c:/program files (x86)/atmel/studio/7.0/toolchain/avr8/avr8-gnu-toolchain/bin/../lib/gcc/avr/5.4.0/avr5\libgcc.a(_exit.o)
 .data          0x00000000        0x0 c:/program files (x86)/atmel/studio/7.0/toolchain/avr8/avr8-gnu-toolchain/bin/../lib/gcc/avr/5.4.0/avr5\libgcc.a(_exit.o)
 .bss           0x00000000        0x0 c:/program files (x86)/atmel/studio/7.0/toolchain/avr8/avr8-gnu-toolchain/bin/../lib/gcc/avr/5.4.0/avr5\libgcc.a(_exit.o)
 .text.libgcc.mul
                0x00000000        0x0 c:/program files (x86)/atmel/studio/7.0/toolchain/avr8/avr8-gnu-toolchain/bin/../lib/gcc/avr/5.4.0/avr5\libgcc.a(_exit.o)
 .text.libgcc.div
                0x00000000        0x0 c:/program files (x86)/atmel/studio/7.0/toolchain/avr8/avr8-gnu-toolchain/bin/../lib/gcc/avr/5.4.0/avr5\libgcc.a(_exit.o)
 .text.libgcc   0x00000000        0x0 c:/program files (x86)/atmel/studio/7.0/toolchain/avr8/avr8-gnu-toolchain/bin/../lib/gcc/avr/5.4.0/avr5\libgcc.a(_exit.o)
 .text.libgcc.prologue
                0x00000000        0x0 c:/program files (x86)/atmel/studio/7.0/toolchain/avr8/avr8-gnu-toolchain/bin/../lib/gcc/avr/5.4.0/avr5\libgcc.a(_exit.o)
 .text.libgcc.builtins
                0x00000000        0x0 c:/program files (x86)/atmel/studio/7.0/toolchain/avr8/avr8-gnu-toolchain/bin/../lib/gcc/avr/5.4.0/avr5\libgcc.a(_exit.o)
 .text.libgcc.fmul
                0x00000000        0x0 c:/program files (x86)/atmel/studio/7.0/toolchain/avr8/avr8-gnu-toolchain/bin/../lib/gcc/avr/5.4.0/avr5\libgcc.a(_exit.o)
 .text.libgcc.fixed
                0x00000000        0x0 c:/program files (x86)/atmel/studio/7.0/toolchain/avr8/avr8-gnu-toolchain/bin/../lib/gcc/avr/5.4.0/avr5\libgcc.a(_exit.o)
 .text          0x00000000        0x0 c:/program files (x86)/atmel/studio/7.0/toolchain/avr8/avr8-gnu-toolchain/bin/../lib/gcc/avr/5.4.0/avr5\libgcc.a(_tablejump2.o)
 .data          0x00000000        0x0 c:/program files (x86)/atmel/studio/7.0/toolchain/avr8/avr8-gnu-toolchain/bin/../lib/gcc/avr/5.4.0/avr5\libgcc.a(_tablejump2.o)
 .bss           0x00000000        0x0 c:/program files (x86)/atmel/studio/7.0/toolchain/avr8/avr8-gnu-toolchain/bin/../lib/gcc/avr/5.4.0/avr5\libgcc.a(_tablejump2.o)
 .text.libgcc.mul
                0x00000000        0x0 c:/program files (x86)/atmel/studio/7.0/toolchain/avr8/avr8-gnu-toolchain/bin/../lib/gcc/avr/5.4.0/avr5\libgcc.a(_tablejump2.o)
 .text.libgcc.div
                0x00000000        0x0 c:/program files (x86)/atmel/studio/7.0/toolchain/avr8/avr8-gnu-toolchain/bin/../lib/gcc/avr/5.4.0/avr5\libgcc.a(_tablejump2.o)
 .text.libgcc   0x00000000        0xc c:/program files (x86)/atmel/studio/7.0/toolchain/avr8/avr8-gnu-toolchain/bin/../lib/gcc/avr/5.4.0/avr5\libgcc.a(_tablejump2.o)
 .text.libgcc.prologue
                0x00000000        0x0 c:/program files (x86)/atmel/studio/7.0/toolchain/avr8/avr8-gnu-toolchain/bin/../lib/gcc/avr/5.4.0/avr5\libgcc.a(_tablejump2.o)
 .text.libgcc.builtins
                0x00000000        0x0 c:/program files (x86)/atmel/studio/7.0/toolchain/avr8/avr8-gnu-toolchain/bin/../lib/gcc/avr/5.4.0/avr5\libgcc.a(_tablejump2.o)
 .text.libgcc.fmul
                0x00000000        0x0 c:/program files (x86)/atmel/studio/7.0/toolchain/avr8/avr8-gnu-toolchain/bin/../lib/gcc/avr/5.4.0/avr5\libgcc.a(_tablejump2.o)
 .text.libgcc.fixed
                0x00000000        0x0 c:/program files (x86)/atmel/studio/7.0/toolchain/avr8/avr8-gnu-toolchain/bin/../lib/gcc/avr/5.4.0/avr5\libgcc.a(_tablejump2.o)
 .text          0x00000000        0x0 c:/program files (x86)/atmel/studio/7.0/toolchain/avr8/avr8-gnu-toolchain/bin/../lib/gcc/avr/5.4.0/avr5\libgcc.a(_clear_bss.o)
 .data          0x00000000        0x0 c:/program files (x86)/atmel/studio/7.0/toolchain/avr8/avr8-gnu-toolchain/bin/../lib/gcc/avr/5.4.0/avr5\libgcc.a(_clear_bss.o)
 .bss           0x00000000        0x0 c:/program files (x86)/atmel/studio/7.0/toolchain/avr8/avr8-gnu-toolchain/bin/../lib/gcc/avr/5.4.0/avr5\libgcc.a(_clear_bss.o)
 .text.libgcc.mul
                0x00000000        0x0 c:/program files (x86)/atmel/studio/7.0/toolchain/avr8/avr8-gnu-toolchain/bin/../lib/gcc/avr/5.4.0/avr5\libgcc.a(_clear_bss.o)
 .text.libgcc.div
                0x00000000        0x0 c:/program files (x86)/atmel/studio/7.0/toolchain/avr8/avr8-gnu-toolchain/bin/../lib/gcc/avr/5.4.0/avr5\libgcc.a(_clear_bss.o)
 .text.libgcc   0x00000000        0x0 c:/program files (x86)/atmel/studio/7.0/toolchain/avr8/avr8-gnu-toolchain/bin/../lib/gcc/avr/5.4.0/avr5\libgcc.a(_clear_bss.o)
 .text.libgcc.prologue
                0x00000000        0x0 c:/program files (x86)/atmel/studio/7.0/toolchain/avr8/avr8-gnu-toolchain/bin/../lib/gcc/avr/5.4.0/avr5\libgcc.a(_clear_bss.o)
 .text.libgcc.builtins
                0x00000000        0x0 c:/program files (x86)/atmel/studio/7.0/toolchain/avr8/avr8-gnu-toolchain/bin/../lib/gcc/avr/5.4.0/avr5\libgcc.a(_clear_bss.o)
 .text.libgcc.fmul
                0x00000000        0x0 c:/program files (x86)/atmel/studio/7.0/toolchain/avr8/avr8-gnu-toolchain/bin/../lib/gcc/avr/5.4.0/avr5\libgcc.a(_clear_bss.o)
 .text.libgcc.fixed
                0x00000000        0x0 c:/program files (x86)/atmel/studio/7.0/toolchain/avr8/avr8-gnu-toolchain/bin/../lib/gcc/avr/5.4.0/avr5\libgcc.a(_clear_bss.o)

Memory Configuration

Name             Origin             Length             Attributes
text             0x00000000         0x00008000         xr
data             0x00800060         0x00000800         rw !x
eeprom           0x00810000         0x00000400         rw !x
fuse             0x00820000         0x00000002         rw !x
lock             0x00830000         0x00000400         rw !x
signature        0x00840000         0x00000400         rw !x
user_signatures  0x00850000         0x00000400         rw !x
*default*        0x00000000         0xffffffff

Linker script and memory map

LOAD C:/Program Files (x86)/Atmel/Studio/7.0/Packs/atmel/ATmega_DFP/1.7.374/gcc/dev/atmega32a/avr5/crtatmega32a.o
LOAD App/app.o
LOAD ECUAL/BUTTON Driver/button.o
LOAD ECUAL/LED/led.o
LOAD main.o
LOAD MCAL/DIO/DIO.o
LOAD MCAL/GIE/GIE.o
LOAD MCAL/interrupt/EXIT.o
LOAD MCAL/TIMER0/TIM0.o
START GROUP
LOAD c:/program files (x86)/atmel/studio/7.0/toolchain/avr8/avr8-gnu-toolchain/bin/../lib/gcc/avr/5.4.0/../../../../avr/lib/avr5\libm.a
END GROUP
START GROUP
LOAD c:/program files (x86)/atmel/studio/7.0/toolchain/avr8/avr8-gnu-toolchain/bin/../lib/gcc/avr/5.4.0/avr5\libgcc.a
LOAD c:/program files (x86)/atmel/studio/7.0/toolchain/avr8/avr8-gnu-toolchain/bin/../lib/gcc/avr/5.4.0/../../../../avr/lib/avr5\libm.a
LOAD c:/program files (x86)/atmel/studio/7.0/toolchain/avr8/avr8-gnu-toolchain/bin/../lib/gcc/avr/5.4.0/../../../../avr/lib/avr5\libc.a
LOAD C:/Program Files (x86)/Atmel/Studio/7.0/Packs/atmel/ATmega_DFP/1.7.374/gcc/dev/atmega32a/avr5\libatmega32a.a
END GROUP
                [0x00000000]                __TEXT_REGION_ORIGIN__ = DEFINED (__TEXT_REGION_ORIGIN__)?__TEXT_REGION_ORIGIN__:0x0
                [0x00800060]                __DATA_REGION_ORIGIN__ = DEFINED (__DATA_REGION_ORIGIN__)?__DATA_REGION_ORIGIN__:0x800060
                [0x00008000]                __TEXT_REGION_LENGTH__ = DEFINED (__TEXT_REGION_LENGTH__)?__TEXT_REGION_LENGTH__:0x20000
                [0x00000800]                __DATA_REGION_LENGTH__ = DEFINED (__DATA_REGION_LENGTH__)?__DATA_REGION_LENGTH__:0xffa0
                [0x00000400]                __EEPROM_REGION_LENGTH__ = DEFINED (__EEPROM_REGION_LENGTH__)?__EEPROM_REGION_LENGTH__:0x10000
                [0x00000002]                __FUSE_REGION_LENGTH__ = DEFINED (__FUSE_REGION_LENGTH__)?__FUSE_REGION_LENGTH__:0x400
                0x00000400                __LOCK_REGION_LENGTH__ = DEFINED (__LOCK_REGION_LENGTH__)?__LOCK_REGION_LENGTH__:0x400
                0x00000400                __SIGNATURE_REGION_LENGTH__ = DEFINED (__SIGNATURE_REGION_LENGTH__)?__SIGNATURE_REGION_LENGTH__:0x400
                0x00000400                __USER_SIGNATURE_REGION_LENGTH__ = DEFINED (__USER_SIGNATURE_REGION_LENGTH__)?__USER_SIGNATURE_REGION_LENGTH__:0x400

.hash
 *(.hash)

.dynsym
 *(.dynsym)

.dynstr
 *(.dynstr)

.gnu.version
 *(.gnu.version)

.gnu.version_d
 *(.gnu.version_d)

.gnu.version_r
 *(.gnu.version_r)

.rel.init
 *(.rel.init)

.rela.init
 *(.rela.init)

.rel.text
 *(.rel.text)
 *(.rel.text.*)
 *(.rel.gnu.linkonce.t*)

.rela.text
 *(.rela.text)
 *(.rela.text.*)
 *(.rela.gnu.linkonce.t*)

.rel.fini
 *(.rel.fini)

.rela.fini
 *(.rela.fini)

.rel.rodata
 *(.rel.rodata)
 *(.rel.rodata.*)
 *(.rel.gnu.linkonce.r*)

.rela.rodata
 *(.rela.rodata)
 *(.rela.rodata.*)
 *(.rela.gnu.linkonce.r*)

.rel.data
 *(.rel.data)
 *(.rel.data.*)
 *(.rel.gnu.linkonce.d*)

.rela.data
 *(.rela.data)
 *(.rela.data.*)
 *(.rela.gnu.linkonce.d*)

.rel.ctors
 *(.rel.ctors)

.rela.ctors
 *(.rela.ctors)

.rel.dtors
 *(.rel.dtors)

.rela.dtors
 *(.rela.dtors)

.rel.got
 *(.rel.got)

.rela.got
 *(.rela.got)

.rel.bss
 *(.rel.bss)

.rela.bss
 *(.rela.bss)

.rel.plt
 *(.rel.plt)

.rela.plt
 *(.rela.plt)

.text           0x00000000      0x448
 *(.vectors)
 .vectors       0x00000000       0x54 C:/Program Files (x86)/Atmel/Studio/7.0/Packs/atmel/ATmega_DFP/1.7.374/gcc/dev/atmega32a/avr5/crtatmega32a.o
                0x00000000                __vector_default
                0x00000000                __vectors
 *(.vectors)
 *(.progmem.gcc*)
                0x00000054                . = ALIGN (0x2)
                0x00000054                __trampolines_start = .
 *(.trampolines)
 .trampolines   0x00000054        0x0 linker stubs
 *(.trampolines*)
                0x00000054                __trampolines_end = .
 *libprintf_flt.a:*(.progmem.data)
 *libc.a:*(.progmem.data)
 *(.progmem*)
                0x00000054                . = ALIGN (0x2)
 *(.jumptables)
 *(.jumptables*)
 *(.lowtext)
 *(.lowtext*)
                0x00000054                __ctors_start = .
 *(.ctors)
                0x00000054                __ctors_end = .
                0x00000054                __dtors_start = .
 *(.dtors)
                0x00000054                __dtors_end = .
 SORT(*)(.ctors)
 SORT(*)(.dtors)
 *(.init0)
 .init0         0x00000054        0x0 C:/Program Files (x86)/Atmel/Studio/7.0/Packs/atmel/ATmega_DFP/1.7.374/gcc/dev/atmega32a/avr5/crtatmega32a.o
                0x00000054                __init
 *(.init0)
 *(.init1)
 *(.init1)
 *(.init2)
 .init2         0x00000054        0xc C:/Program Files (x86)/Atmel/Studio/7.0/Packs/atmel/ATmega_DFP/1.7.374/gcc/dev/atmega32a/avr5/crtatmega32a.o
 *(.init2)
 *(.init3)
 *(.init3)
 *(.init4)
 .init4         0x00000060       0x10 c:/program files (x86)/atmel/studio/7.0/toolchain/avr8/avr8-gnu-toolchain/bin/../lib/gcc/avr/5.4.0/avr5\libgcc.a(_clear_bss.o)
                0x00000060                __do_clear_bss
 *(.init4)
 *(.init5)
 *(.init5)
 *(.init6)
 *(.init6)
 *(.init7)
 *(.init7)
 *(.init8)
 *(.init8)
 *(.init9)
 .init9         0x00000070        0x8 C:/Program Files (x86)/Atmel/Studio/7.0/Packs/atmel/ATmega_DFP/1.7.374/gcc/dev/atmega32a/avr5/crtatmega32a.o
 *(.init9)
 *(.text)
 .text          0x00000078        0x4 C:/Program Files (x86)/Atmel/Studio/7.0/Packs/atmel/ATmega_DFP/1.7.374/gcc/dev/atmega32a/avr5/crtatmega32a.o
                0x00000078                __vector_12
                0x00000078                __bad_interrupt
                0x00000078                __vector_6
                0x00000078                __vector_13
                0x00000078                __vector_17
                0x00000078                __vector_19
                0x00000078                __vector_7
                0x00000078                __vector_5
                0x00000078                __vector_4
                0x00000078                __vector_9
                0x00000078                __vector_15
                0x00000078                __vector_8
                0x00000078                __vector_14
                0x00000078                __vector_16
                0x00000078                __vector_18
                0x00000078                __vector_20
                0x0000007c                . = ALIGN (0x2)
 *(.text.*)
 .text.ledToggle
                0x0000007c        0x6 ECUAL/LED/led.o
                0x0000007c                ledToggle
 .text.ledOff   0x00000082        0x8 ECUAL/LED/led.o
                0x00000082                ledOff
 .text.ledOn    0x0000008a        0x8 ECUAL/LED/led.o
                0x0000008a                ledOn
 .text.main     0x00000092       0x3c ECUAL/LED/led.o
                0x00000092                main
 .text.DIO_voidInit
                0x000000ce        0xe MCAL/DIO/DIO.o
                0x000000ce                DIO_voidInit
 .text.DIO_enuWritePin
                0x000000dc      0x14c MCAL/DIO/DIO.o
                0x000000dc                DIO_enuWritePin
 .text.DIO_enutogglePin
                0x00000228       0x96 MCAL/DIO/DIO.o
                0x00000228                DIO_enutogglePin
 .text.__vector_1
                0x000002be       0x4e MCAL/interrupt/EXIT.o
                0x000002be                __vector_1
 .text.__vector_2
                0x0000030c       0x4e MCAL/interrupt/EXIT.o
                0x0000030c                __vector_2
 .text.__vector_3
                0x0000035a       0x4e MCAL/interrupt/EXIT.o
                0x0000035a                __vector_3
 .text.__vector_10
                0x000003a8       0x4e MCAL/TIMER0/TIM0.o
                0x000003a8                __vector_10
 .text.__vector_11
                0x000003f6       0x4e MCAL/TIMER0/TIM0.o
                0x000003f6                __vector_11
                0x00000444                . = ALIGN (0x2)
 *(.fini9)
 .fini9         0x00000444        0x0 c:/program files (x86)/atmel/studio/7.0/toolchain/avr8/avr8-gnu-toolchain/bin/../lib/gcc/avr/5.4.0/avr5\libgcc.a(_exit.o)
                0x00000444                _exit
                0x00000444                exit
 *(.fini9)
 *(.fini8)
 *(.fini8)
 *(.fini7)
 *(.fini7)
 *(.fini6)
 *(.fini6)
 *(.fini5)
 *(.fini5)
 *(.fini4)
 *(.fini4)
 *(.fini3)
 *(.fini3)
 *(.fini2)
 *(.fini2)
 *(.fini1)
 *(.fini1)
 *(.fini0)
 .fini0         0x00000444        0x4 c:/program files (x86)/atmel/studio/7.0/toolchain/avr8/avr8-gnu-toolchain/bin/../lib/gcc/avr/5.4.0/avr5\libgcc.a(_exit.o)
 *(.fini0)
                0x00000448                _etext = .

.data           0x00800060        0x0 load address 0x00000448
                [!provide]                PROVIDE (__data_start, .)
 *(.data)
 *(.data*)
 *(.gnu.linkonce.d*)
 *(.rodata)
 *(.rodata*)
 *(.gnu.linkonce.r*)
                0x00800060                . = ALIGN (0x2)
                0x00800060                _edata = .
                [!provide]                PROVIDE (__data_end, .)

.bss            0x00800060        0xb
                0x00800060                PROVIDE (__bss_start, .)
 *(.bss)
 *(.bss*)
 *(COMMON)
 COMMON         0x00800060        0x6 MCAL/interrupt/EXIT.o
                0x00800060                EXT1CallBack
                0x00800062                EXT0CallBack
                0x00800064                EXT2CallBack
 COMMON         0x00800066        0x5 MCAL/TIMER0/TIM0.o
                0x00800066                TIM0_pfCmpFun
                0x00800068                TIM0_pfOvfFun
                0x0080006a                u8WfModeValueGlobalCpy
                0x0080006b                PROVIDE (__bss_end, .)
                0x00000448                __data_load_start = LOADADDR (.data)
                0x00000448                __data_load_end = (__data_load_start + SIZEOF (.data))

.noinit         0x0080006b        0x0
                [!provide]                PROVIDE (__noinit_start, .)
 *(.noinit*)
                [!provide]                PROVIDE (__noinit_end, .)
                0x0080006b                _end = .
                [!provide]                PROVIDE (__heap_start, .)

.eeprom         0x00810000        0x0
 *(.eeprom*)
                0x00810000                __eeprom_end = .

.fuse
 *(.fuse)
 *(.lfuse)
 *(.hfuse)
 *(.efuse)

.lock
 *(.lock*)

.signature
 *(.signature*)

.user_signatures
 *(.user_signatures*)

.stab
 *(.stab)

.stabstr
 *(.stabstr)

.stab.excl
 *(.stab.excl)

.stab.exclstr
 *(.stab.exclstr)

.stab.index
 *(.stab.index)

.stab.indexstr
 *(.stab.indexstr)

.comment        0x00000000       0x30
 *(.comment)
 .comment       0x00000000       0x30 ECUAL/LED/led.o
                                 0x31 (size before relaxing)
 .comment       0x00000030       0x31 MCAL/DIO/DIO.o
 .comment       0x00000030       0x31 MCAL/interrupt/EXIT.o
 .comment       0x00000030       0x31 MCAL/TIMER0/TIM0.o

.note.gnu.avr.deviceinfo
                0x00000000       0x3c
 .note.gnu.avr.deviceinfo
                0x00000000       0x3c C:/Program Files (x86)/Atmel/Studio/7.0/Packs/atmel/ATmega_DFP/1.7.374/gcc/dev/atmega32a/avr5/crtatmega32a.o

.note.gnu.build-id
 *(.note.gnu.build-id)

.debug
 *(.debug)

.line
 *(.line)

.debug_srcinfo
 *(.debug_srcinfo)

.debug_sfnames
 *(.debug_sfnames)

.debug_aranges  0x00000000      0x170
 *(.debug_aranges)
 .debug_aranges
                0x00000000       0x38 ECUAL/LED/led.o
 .debug_aranges
                0x00000038       0x40 MCAL/DIO/DIO.o
 .debug_aranges
                0x00000078       0x60 MCAL/interrupt/EXIT.o
 .debug_aranges
                0x000000d8       0x98 MCAL/TIMER0/TIM0.o

.debug_pubnames
 *(.debug_pubnames)

.debug_info     0x00000000      0xf55
 *(.debug_info .gnu.linkonce.wi.*)
 .debug_info    0x00000000      0x4e6 C:/Program Files (x86)/Atmel/Studio/7.0/Packs/atmel/ATmega_DFP/1.7.374/gcc/dev/atmega32a/avr5/crtatmega32a.o
 .debug_info    0x000004e6      0x2b0 ECUAL/LED/led.o
 .debug_info    0x00000796      0x1ef MCAL/DIO/DIO.o
 .debug_info    0x00000985      0x288 MCAL/interrupt/EXIT.o
 .debug_info    0x00000c0d      0x348 MCAL/TIMER0/TIM0.o

.debug_abbrev   0x00000000      0x900
 *(.debug_abbrev)
 .debug_abbrev  0x00000000      0x4a3 C:/Program Files (x86)/Atmel/Studio/7.0/Packs/atmel/ATmega_DFP/1.7.374/gcc/dev/atmega32a/avr5/crtatmega32a.o
 .debug_abbrev  0x000004a3      0x140 ECUAL/LED/led.o
 .debug_abbrev  0x000005e3       0xe1 MCAL/DIO/DIO.o
 .debug_abbrev  0x000006c4       0xed MCAL/interrupt/EXIT.o
 .debug_abbrev  0x000007b1      0x14f MCAL/TIMER0/TIM0.o

.debug_line     0x00000000      0xbd3
 *(.debug_line .debug_line.* .debug_line_end)
 .debug_line    0x00000000      0x116 C:/Program Files (x86)/Atmel/Studio/7.0/Packs/atmel/ATmega_DFP/1.7.374/gcc/dev/atmega32a/avr5/crtatmega32a.o
 .debug_line    0x00000116      0x1e1 ECUAL/LED/led.o
 .debug_line    0x000002f7      0x267 MCAL/DIO/DIO.o
 .debug_line    0x0000055e      0x33b MCAL/interrupt/EXIT.o
 .debug_line    0x00000899      0x33a MCAL/TIMER0/TIM0.o

.debug_frame    0x00000000      0x3d8
 *(.debug_frame)
 .debug_frame   0x00000000       0x54 ECUAL/LED/led.o
 .debug_frame   0x00000054       0x64 MCAL/DIO/DIO.o
 .debug_frame   0x000000b8      0x17c MCAL/interrupt/EXIT.o
 .debug_frame   0x00000234      0x1a4 MCAL/TIMER0/TIM0.o

.debug_str      0x00000000      0x820
 *(.debug_str)
 .debug_str     0x00000000      0x196 C:/Program Files (x86)/Atmel/Studio/7.0/Packs/atmel/ATmega_DFP/1.7.374/gcc/dev/atmega32a/avr5/crtatmega32a.o
 .debug_str     0x00000196      0x272 ECUAL/LED/led.o
                                0x2ad (size before relaxing)
 .debug_str     0x00000408      0x10c MCAL/DIO/DIO.o
                                0x2b4 (size before relaxing)
 .debug_str     0x00000514      0x109 MCAL/interrupt/EXIT.o
                                0x30e (size before relaxing)
 .debug_str     0x0000061d      0x203 MCAL/TIMER0/TIM0.o
                                0x41b (size before relaxing)

.debug_loc      0x00000000      0xed0
 *(.debug_loc)
 .debug_loc     0x00000000       0xf3 ECUAL/LED/led.o
 .debug_loc     0x000000f3      0x3ea MCAL/DIO/DIO.o
 .debug_loc     0x000004dd      0x59d MCAL/interrupt/EXIT.o
 .debug_loc     0x00000a7a      0x456 MCAL/TIMER0/TIM0.o

.debug_macinfo
 *(.debug_macinfo)

.debug_weaknames
 *(.debug_weaknames)

.debug_funcnames
 *(.debug_funcnames)

.debug_typenames
 *(.debug_typenames)

.debug_varnames
 *(.debug_varnames)

.debug_pubtypes
 *(.debug_pubtypes)

.debug_ranges   0x00000000      0x130
 *(.debug_ranges)
 .debug_ranges  0x00000000       0x28 ECUAL/LED/led.o
 .debug_ranges  0x00000028       0x30 MCAL/DIO/DIO.o
 .debug_ranges  0x00000058       0x50 MCAL/interrupt/EXIT.o
 .debug_ranges  0x000000a8       0x88 MCAL/TIMER0/TIM0.o

.debug_macro
 *(.debug_macro)
OUTPUT(On-demand Traffic light control model.elf elf32-avr)
LOAD linker stubs
